00:00 +0: loading /app/test/journey_service_test.dart                                                                                                                                                  00:01 +0: loading /app/test/journey_service_test.dart                                                                                                                                                  00:02 +0: loading /app/test/journey_service_test.dart                                                                                                                                                  00:02 +0: JourneyService Tests LY Effect Calculation                                                                                                                                                   00:02 +1: JourneyService Tests LY Effect Calculation                                                                                                                                                   00:02 +1: JourneyService Tests Process Day updates stats                                                                                                                                               00:02 +2: JourneyService Tests Process Day updates stats                                                                                                                                               00:02 +2: JourneyService Tests Multiple days progression                                                                                                                                               00:02 +3: JourneyService Tests Multiple days progression                                                                                                                                               00:02 +3: All tests passed!
